MPLINK 5.08, LINKER
Linker Map File - Created Mon Oct 26 18:42:26 2020

                                 Section Info
                  Section       Type    Address   Location Size(Bytes)
                ---------  ---------  ---------  ---------  ---------
                   .org_0       code   0x000000    program   0x00027e
                   .cinit    romdata   0x00013f    program   0x000004
.config_2007_BUILD/DEFAULT/PRODUCTION/BUS.O       code   0x002007    program   0x000002
.config_2008_BUILD/DEFAULT/PRODUCTION/BUS.O       code   0x002008    program   0x000002



                              Program Memory Usage 
                               Start         End      
                           ---------   ---------      
                            0x000000    0x000140      
                            0x002007    0x002008      
            323 out of 8455 program addresses used, program memory utilization is 3%



                              Symbols - Sorted by Name
                     Name    Address   Location    Storage File                     
                ---------  ---------  ---------  --------- ---------                
             AfterAdding3   0x000122    program     static C:\Users\Lenovo\Downloads\ProyectoM.X\Bus.asm
            AfterAdding_3   0x00012b    program     static C:\Users\Lenovo\Downloads\ProyectoM.X\Bus.asm
               Binary2BCD   0x0000fa    program     static C:\Users\Lenovo\Downloads\ProyectoM.X\Bus.asm
           CAPACIDAD_0_25   0x00006d    program     static C:\Users\Lenovo\Downloads\ProyectoM.X\Bus.asm
          CAPACIDAD_25_75   0x000079    program     static C:\Users\Lenovo\Downloads\ProyectoM.X\Bus.asm
         CAPACIDAD_75_100   0x000085    program     static C:\Users\Lenovo\Downloads\ProyectoM.X\Bus.asm
                CONTINUAR   0x00004b    program     static C:\Users\Lenovo\Downloads\ProyectoM.X\Bus.asm
              DEC_COUNTER   0x0000b3    program     static C:\Users\Lenovo\Downloads\ProyectoM.X\Bus.asm
               DELAY_20MS   0x0000f1    program     static C:\Users\Lenovo\Downloads\ProyectoM.X\Bus.asm
         DISP_UPDATE_TENS   0x0000df    program     static C:\Users\Lenovo\Downloads\ProyectoM.X\Bus.asm
         DISP_UPDATE_UNIT   0x0000d9    program     static C:\Users\Lenovo\Downloads\ProyectoM.X\Bus.asm
    ENCENDER_LED_AMARILLO   0x00007e    program     static C:\Users\Lenovo\Downloads\ProyectoM.X\Bus.asm
        ENCENDER_LED_ROJO   0x00008a    program     static C:\Users\Lenovo\Downloads\ProyectoM.X\Bus.asm
       ENCENDER_LED_VERDE   0x000072    program     static C:\Users\Lenovo\Downloads\ProyectoM.X\Bus.asm
              END_BTN_ASC   0x00009d    program     static C:\Users\Lenovo\Downloads\ProyectoM.X\Bus.asm
              END_BTN_DSC   0x0000aa    program     static C:\Users\Lenovo\Downloads\ProyectoM.X\Bus.asm
           END_BTN_ENTRAR   0x0000d8    program     static C:\Users\Lenovo\Downloads\ProyectoM.X\Bus.asm
            END_BTN_SALIR   0x0000c0    program     static C:\Users\Lenovo\Downloads\ProyectoM.X\Bus.asm
             FIJAR_LIMITE   0x000067    program     static C:\Users\Lenovo\Downloads\ProyectoM.X\Bus.asm
             FLAG_COUNTER   0x0000be    program     static C:\Users\Lenovo\Downloads\ProyectoM.X\Bus.asm
         FLAG_COUNTER_INC   0x0000d0    program     static C:\Users\Lenovo\Downloads\ProyectoM.X\Bus.asm
     FLAG_COUNTER_INC_SET   0x000049    program     static C:\Users\Lenovo\Downloads\ProyectoM.X\Bus.asm
              INC_COUNTER   0x0000c9    program     static C:\Users\Lenovo\Downloads\ProyectoM.X\Bus.asm
                     INIT   0x000001    program     static C:\Users\Lenovo\Downloads\ProyectoM.X\Bus.asm
             INIT_COUNTER   0x000041    program     static C:\Users\Lenovo\Downloads\ProyectoM.X\Bus.asm
                INIT_FREQ   0x00002f    program     static C:\Users\Lenovo\Downloads\ProyectoM.X\Bus.asm
                     MAIN   0x000020    program     static C:\Users\Lenovo\Downloads\ProyectoM.X\Bus.asm
          RELEASE_BTN_ASC   0x000097    program     static C:\Users\Lenovo\Downloads\ProyectoM.X\Bus.asm
          RELEASE_BTN_DSC   0x0000a4    program     static C:\Users\Lenovo\Downloads\ProyectoM.X\Bus.asm
       RELEASE_BTN_ENTRAR   0x0000d2    program     static C:\Users\Lenovo\Downloads\ProyectoM.X\Bus.asm
        RELEASE_BTN_SALIR   0x0000b8    program     static C:\Users\Lenovo\Downloads\ProyectoM.X\Bus.asm
                      RUN   0x000023    program     static C:\Users\Lenovo\Downloads\ProyectoM.X\Bus.asm
              Repeticion1   0x0000f3    program     static C:\Users\Lenovo\Downloads\ProyectoM.X\Bus.asm
              Repeticion2   0x0000f5    program     static C:\Users\Lenovo\Downloads\ProyectoM.X\Bus.asm
        RotateZeroIntoHun   0x000113    program     static C:\Users\Lenovo\Downloads\ProyectoM.X\Bus.asm
        RotateZeroIntoTen   0x00010b    program     static C:\Users\Lenovo\Downloads\ProyectoM.X\Bus.asm
                    SALIR   0x000078    program     static C:\Users\Lenovo\Downloads\ProyectoM.X\Bus.asm
                   SALIR2   0x000084    program     static C:\Users\Lenovo\Downloads\ProyectoM.X\Bus.asm
                   SALIR3   0x000090    program     static C:\Users\Lenovo\Downloads\ProyectoM.X\Bus.asm
                   SALIR4   0x00006c    program     static C:\Users\Lenovo\Downloads\ProyectoM.X\Bus.asm
                SEND_DATA   0x000036    program     static C:\Users\Lenovo\Downloads\ProyectoM.X\Bus.asm
                  SETTING   0x000044    program     static C:\Users\Lenovo\Downloads\ProyectoM.X\Bus.asm
           SETTING_UMBRAL   0x000058    program     static C:\Users\Lenovo\Downloads\ProyectoM.X\Bus.asm
          SEVENSEG_LOOKUP   0x0000e5    program     static C:\Users\Lenovo\Downloads\ProyectoM.X\Bus.asm
                 TX_DATO1   0x000137    program     static C:\Users\Lenovo\Downloads\ProyectoM.X\Bus.asm
                 TX_DAT_1   0x00013b    program     static C:\Users\Lenovo\Downloads\ProyectoM.X\Bus.asm
           UPDATE_BTN_ASC   0x000091    program     static C:\Users\Lenovo\Downloads\ProyectoM.X\Bus.asm
           UPDATE_BTN_DSC   0x00009e    program     static C:\Users\Lenovo\Downloads\ProyectoM.X\Bus.asm
        UPDATE_BTN_ENTRAR   0x0000c1    program     static C:\Users\Lenovo\Downloads\ProyectoM.X\Bus.asm
         UPDATE_BTN_SALIR   0x0000ab    program     static C:\Users\Lenovo\Downloads\ProyectoM.X\Bus.asm
        VERIFICAR_LIMITES   0x000062    program     static C:\Users\Lenovo\Downloads\ProyectoM.X\Bus.asm
         completeTenCarry   0x000115    program     static C:\Users\Lenovo\Downloads\ProyectoM.X\Bus.asm
        completeUnitCarry   0x00010d    program     static C:\Users\Lenovo\Downloads\ProyectoM.X\Bus.asm
                 continue   0x000119    program     static C:\Users\Lenovo\Downloads\ProyectoM.X\Bus.asm
            endBinary2BCD   0x00012c    program     static C:\Users\Lenovo\Downloads\ProyectoM.X\Bus.asm
              inicio_uart   0x00012d    program     static C:\Users\Lenovo\Downloads\ProyectoM.X\Bus.asm
          startconversion   0x000103    program     static C:\Users\Lenovo\Downloads\ProyectoM.X\Bus.asm



                              Symbols - Sorted by Address
                     Name    Address   Location    Storage File                     
                ---------  ---------  ---------  --------- ---------                
                     INIT   0x000001    program     static C:\Users\Lenovo\Downloads\ProyectoM.X\Bus.asm
                     MAIN   0x000020    program     static C:\Users\Lenovo\Downloads\ProyectoM.X\Bus.asm
                      RUN   0x000023    program     static C:\Users\Lenovo\Downloads\ProyectoM.X\Bus.asm
                INIT_FREQ   0x00002f    program     static C:\Users\Lenovo\Downloads\ProyectoM.X\Bus.asm
                SEND_DATA   0x000036    program     static C:\Users\Lenovo\Downloads\ProyectoM.X\Bus.asm
             INIT_COUNTER   0x000041    program     static C:\Users\Lenovo\Downloads\ProyectoM.X\Bus.asm
                  SETTING   0x000044    program     static C:\Users\Lenovo\Downloads\ProyectoM.X\Bus.asm
     FLAG_COUNTER_INC_SET   0x000049    program     static C:\Users\Lenovo\Downloads\ProyectoM.X\Bus.asm
                CONTINUAR   0x00004b    program     static C:\Users\Lenovo\Downloads\ProyectoM.X\Bus.asm
           SETTING_UMBRAL   0x000058    program     static C:\Users\Lenovo\Downloads\ProyectoM.X\Bus.asm
        VERIFICAR_LIMITES   0x000062    program     static C:\Users\Lenovo\Downloads\ProyectoM.X\Bus.asm
             FIJAR_LIMITE   0x000067    program     static C:\Users\Lenovo\Downloads\ProyectoM.X\Bus.asm
                   SALIR4   0x00006c    program     static C:\Users\Lenovo\Downloads\ProyectoM.X\Bus.asm
           CAPACIDAD_0_25   0x00006d    program     static C:\Users\Lenovo\Downloads\ProyectoM.X\Bus.asm
       ENCENDER_LED_VERDE   0x000072    program     static C:\Users\Lenovo\Downloads\ProyectoM.X\Bus.asm
                    SALIR   0x000078    program     static C:\Users\Lenovo\Downloads\ProyectoM.X\Bus.asm
          CAPACIDAD_25_75   0x000079    program     static C:\Users\Lenovo\Downloads\ProyectoM.X\Bus.asm
    ENCENDER_LED_AMARILLO   0x00007e    program     static C:\Users\Lenovo\Downloads\ProyectoM.X\Bus.asm
                   SALIR2   0x000084    program     static C:\Users\Lenovo\Downloads\ProyectoM.X\Bus.asm
         CAPACIDAD_75_100   0x000085    program     static C:\Users\Lenovo\Downloads\ProyectoM.X\Bus.asm
        ENCENDER_LED_ROJO   0x00008a    program     static C:\Users\Lenovo\Downloads\ProyectoM.X\Bus.asm
                   SALIR3   0x000090    program     static C:\Users\Lenovo\Downloads\ProyectoM.X\Bus.asm
           UPDATE_BTN_ASC   0x000091    program     static C:\Users\Lenovo\Downloads\ProyectoM.X\Bus.asm
          RELEASE_BTN_ASC   0x000097    program     static C:\Users\Lenovo\Downloads\ProyectoM.X\Bus.asm
              END_BTN_ASC   0x00009d    program     static C:\Users\Lenovo\Downloads\ProyectoM.X\Bus.asm
           UPDATE_BTN_DSC   0x00009e    program     static C:\Users\Lenovo\Downloads\ProyectoM.X\Bus.asm
          RELEASE_BTN_DSC   0x0000a4    program     static C:\Users\Lenovo\Downloads\ProyectoM.X\Bus.asm
              END_BTN_DSC   0x0000aa    program     static C:\Users\Lenovo\Downloads\ProyectoM.X\Bus.asm
         UPDATE_BTN_SALIR   0x0000ab    program     static C:\Users\Lenovo\Downloads\ProyectoM.X\Bus.asm
              DEC_COUNTER   0x0000b3    program     static C:\Users\Lenovo\Downloads\ProyectoM.X\Bus.asm
        RELEASE_BTN_SALIR   0x0000b8    program     static C:\Users\Lenovo\Downloads\ProyectoM.X\Bus.asm
             FLAG_COUNTER   0x0000be    program     static C:\Users\Lenovo\Downloads\ProyectoM.X\Bus.asm
            END_BTN_SALIR   0x0000c0    program     static C:\Users\Lenovo\Downloads\ProyectoM.X\Bus.asm
        UPDATE_BTN_ENTRAR   0x0000c1    program     static C:\Users\Lenovo\Downloads\ProyectoM.X\Bus.asm
              INC_COUNTER   0x0000c9    program     static C:\Users\Lenovo\Downloads\ProyectoM.X\Bus.asm
         FLAG_COUNTER_INC   0x0000d0    program     static C:\Users\Lenovo\Downloads\ProyectoM.X\Bus.asm
       RELEASE_BTN_ENTRAR   0x0000d2    program     static C:\Users\Lenovo\Downloads\ProyectoM.X\Bus.asm
           END_BTN_ENTRAR   0x0000d8    program     static C:\Users\Lenovo\Downloads\ProyectoM.X\Bus.asm
         DISP_UPDATE_UNIT   0x0000d9    program     static C:\Users\Lenovo\Downloads\ProyectoM.X\Bus.asm
         DISP_UPDATE_TENS   0x0000df    program     static C:\Users\Lenovo\Downloads\ProyectoM.X\Bus.asm
          SEVENSEG_LOOKUP   0x0000e5    program     static C:\Users\Lenovo\Downloads\ProyectoM.X\Bus.asm
               DELAY_20MS   0x0000f1    program     static C:\Users\Lenovo\Downloads\ProyectoM.X\Bus.asm
              Repeticion1   0x0000f3    program     static C:\Users\Lenovo\Downloads\ProyectoM.X\Bus.asm
              Repeticion2   0x0000f5    program     static C:\Users\Lenovo\Downloads\ProyectoM.X\Bus.asm
               Binary2BCD   0x0000fa    program     static C:\Users\Lenovo\Downloads\ProyectoM.X\Bus.asm
          startconversion   0x000103    program     static C:\Users\Lenovo\Downloads\ProyectoM.X\Bus.asm
        RotateZeroIntoTen   0x00010b    program     static C:\Users\Lenovo\Downloads\ProyectoM.X\Bus.asm
        completeUnitCarry   0x00010d    program     static C:\Users\Lenovo\Downloads\ProyectoM.X\Bus.asm
        RotateZeroIntoHun   0x000113    program     static C:\Users\Lenovo\Downloads\ProyectoM.X\Bus.asm
         completeTenCarry   0x000115    program     static C:\Users\Lenovo\Downloads\ProyectoM.X\Bus.asm
                 continue   0x000119    program     static C:\Users\Lenovo\Downloads\ProyectoM.X\Bus.asm
             AfterAdding3   0x000122    program     static C:\Users\Lenovo\Downloads\ProyectoM.X\Bus.asm
            AfterAdding_3   0x00012b    program     static C:\Users\Lenovo\Downloads\ProyectoM.X\Bus.asm
            endBinary2BCD   0x00012c    program     static C:\Users\Lenovo\Downloads\ProyectoM.X\Bus.asm
              inicio_uart   0x00012d    program     static C:\Users\Lenovo\Downloads\ProyectoM.X\Bus.asm
                 TX_DATO1   0x000137    program     static C:\Users\Lenovo\Downloads\ProyectoM.X\Bus.asm
                 TX_DAT_1   0x00013b    program     static C:\Users\Lenovo\Downloads\ProyectoM.X\Bus.asm


